Detected


[0] = 995
[1] = 11023
[2] = 22045
[3] = 33070

