Detected


[0] = 146
[1] = 34710
[2] = 47223
[3] = 58304
[4] = 68190
[5] = 86944
[6] = 105695
[7] = 106756
[8] = 117800
[9] = 122140
[10] = 139529
[11] = 152884
[12] = 161527
[13] = 167575
[14] = 186297
[15] = 205055
[16] = 223797
[17] = 227228
[18] = 238074
[19] = 248989
[20] = 250361
[21] = 256309
[22] = 306846
[23] = 310675
[24] = 312508
[25] = 319117
[26] = 327660
[27] = 335219
[28] = 346780
[29] = 364675
[30] = 400940
[31] = 429155
[32] = 431273
[33] = 433296
[34] = 434505
[35] = 439538
[36] = 441627
[37] = 452033
[38] = 453397
[39] = 465470
[40] = 474529
[41] = 481516
[42] = 494519
[43] = 496122
[44] = 505753
[45] = 514268

