slice points


[0] = 667
[1] = 19184
[2] = 34706
[3] = 58300
[4] = 68183
[5] = 86942
[6] = 117438
[7] = 122135
[8] = 139500
[9] = 150487
[10] = 161523
[11] = 167572
[12] = 179048
[13] = 186294
[14] = 205050
[15] = 220493

