
rows: 100 cols: 100
0          0         1         2       ...        97        98        99
0        100       101       102       ...       197       198       199
0        200       201       202       ...       297       298       299
       ...
0       9700      9701      9702       ...      9797      9798      9799
0       9800      9801      9802       ...      9897      9898      9899
0       9900      9901      9902       ...      9997      9998      9999

