
rows: 2 cols: 5
zero          0         1         2         3         4
one          5         6         7         8         9

